com\Pictime\TicketManager\Collector\tools\ConfFile.class
com\Pictime\TicketManager\dao\OnUpdate.class
com\Pictime\TicketManager\Collector\GyroService.class
com\Pictime\TicketManager\Collector\MailingService.class
com\Pictime\TicketManager\Collector\Object\Mail.class
com\Pictime\TicketManager\web\controller\ConfigPageController.class
com\Pictime\TicketManager\Repo\TicketRepository2.class
com\Pictime\TicketManager\Collector\Object\Sound.class
com\Pictime\TicketManager\Collector\TicketCollector.class
com\Pictime\TicketManager\web\controller\PageController.class
com\Pictime\TicketManager\Collector\tools\Server.class
com\Pictime\TicketManager\Collector\TicketService2.class
com\Pictime\TicketManager\Collector\tools\ImportingController.class
com\Pictime\TicketManager\Collector\Object\SSLFix$1.class
com\Pictime\TicketManager\dao\TicketRepo.class
com\Pictime\TicketManager\Exceptions\NotConnectedException.class
com\Pictime\TicketManager\Collector\tools\ServerSupport.class
com\Pictime\TicketManager\dao\StatsDao.class
com\Pictime\TicketManager\Collector\tools\ServerRedmine.class
com\Pictime\TicketManager\Collector\DateHelper.class
com\Pictime\TicketManager\Collector\Object\Configer.class
com\Pictime\TicketManager\Repo\TicketRepository.class
com\Pictime\TicketManager\Collector\Object\SSLFix$2.class
com\Pictime\TicketManager\web\controller\MainController.class
com\Pictime\TicketManager\dao\ConfigRepo.class
com\Pictime\TicketManager\Collector\HomeControler.class
com\Pictime\TicketManager\Collector\Exceptions\PropertiesNotSpecified.class
com\Pictime\TicketManager\Collector\tools\StatsService.class
com\Pictime\TicketManager\Collector\Object\SurveyAnswerStatistics.class
com\Pictime\TicketManager\Collector\tools\HTTP\HTTPConnection.class
com\Pictime\TicketManager\model\Ticket2.class
com\Pictime\TicketManager\Collector\tools\ConfFilePath.class
com\Pictime\TicketManager\dao\Rep.class
com\Pictime\TicketManager\web\controller\TicketController.class
com\Pictime\TicketManager\Collector\Exceptions\NotConnectedException.class
com\Pictime\TicketManager\Collector\TicketService.class
com\Pictime\TicketManager\Collector\tools\ServerJira.class
com\Pictime\TicketManager\web\Exceptions\TicketIntrouvableException.class
com\Pictime\TicketManager\TicketsManagerApplication.class
com\Pictime\TicketManager\Collector\export\ExcelExporter.class
com\Pictime\TicketManager\Collector\Object\Stat.class
com\Pictime\TicketManager\Collector\Object\SurveyAnswerStatistics2.class
com\Pictime\TicketManager\Collector\Exceptions\WrongIDsException.class
com\Pictime\TicketManager\Collector\Exceptions\BadConfigurationFile.class
com\Pictime\TicketManager\Collector\Object\SSLFix.class
com\Pictime\TicketManager\model\Ticket.class
