C:\Users\benbouchtam\Desktop\Nocibee\src\main\java\com\Pictime\TicketManager\web\Exceptions\TicketIntrouvableException.java
C:\Users\benbouchtam\Desktop\Nocibee\src\main\java\com\Pictime\TicketManager\Collector\GyroService.java
C:\Users\benbouchtam\Desktop\Nocibee\src\main\java\com\Pictime\TicketManager\Collector\tools\HTTP\HTTPConnection.java
C:\Users\benbouchtam\Desktop\Nocibee\src\main\java\com\Pictime\TicketManager\Collector\export\ExcelExporter.java
C:\Users\benbouchtam\Desktop\Nocibee\src\main\java\com\Pictime\TicketManager\Collector\MailingService.java
C:\Users\benbouchtam\Desktop\Nocibee\src\main\java\com\Pictime\TicketManager\web\controller\MainController.java
C:\Users\benbouchtam\Desktop\Nocibee\src\main\java\com\Pictime\TicketManager\Repo\TicketRepository2.java
C:\Users\benbouchtam\Desktop\Nocibee\src\main\java\com\Pictime\TicketManager\Collector\Object\SurveyAnswerStatistics2.java
C:\Users\benbouchtam\Desktop\Nocibee\src\main\java\com\Pictime\TicketManager\Collector\Object\Configer.java
C:\Users\benbouchtam\Desktop\Nocibee\src\main\java\com\Pictime\TicketManager\Collector\Object\Mail.java
C:\Users\benbouchtam\Desktop\Nocibee\src\main\java\com\Pictime\TicketManager\Collector\TicketCollector.java
C:\Users\benbouchtam\Desktop\Nocibee\src\main\java\com\Pictime\TicketManager\Collector\tools\ServerSupport.java
C:\Users\benbouchtam\Desktop\Nocibee\src\main\java\com\Pictime\TicketManager\Collector\tools\ServerRedmine.java
C:\Users\benbouchtam\Desktop\Nocibee\src\main\java\com\Pictime\TicketManager\Collector\tools\StatsService.java
C:\Users\benbouchtam\Desktop\Nocibee\src\main\java\com\Pictime\TicketManager\dao\ConfigRepo.java
C:\Users\benbouchtam\Desktop\Nocibee\src\main\java\com\Pictime\TicketManager\Collector\tools\Server.java
C:\Users\benbouchtam\Desktop\Nocibee\src\main\java\com\Pictime\TicketManager\Collector\tools\ServerJira.java
C:\Users\benbouchtam\Desktop\Nocibee\src\main\java\com\Pictime\TicketManager\Collector\Exceptions\BadConfigurationFile.java
C:\Users\benbouchtam\Desktop\Nocibee\src\main\java\com\Pictime\TicketManager\dao\OnUpdate.java
C:\Users\benbouchtam\Desktop\Nocibee\src\main\java\com\Pictime\TicketManager\Collector\Exceptions\WrongIDsException.java
C:\Users\benbouchtam\Desktop\Nocibee\src\main\java\com\Pictime\TicketManager\web\controller\ConfigPageController.java
C:\Users\benbouchtam\Desktop\Nocibee\src\main\java\com\Pictime\TicketManager\TicketsManagerApplication.java
C:\Users\benbouchtam\Desktop\Nocibee\src\main\java\com\Pictime\TicketManager\model\Ticket.java
C:\Users\benbouchtam\Desktop\Nocibee\src\main\java\com\Pictime\TicketManager\Collector\DateHelper.java
C:\Users\benbouchtam\Desktop\Nocibee\src\main\java\com\Pictime\TicketManager\Collector\Object\Stat.java
C:\Users\benbouchtam\Desktop\Nocibee\src\main\java\com\Pictime\TicketManager\dao\Rep.java
C:\Users\benbouchtam\Desktop\Nocibee\src\main\java\com\Pictime\TicketManager\Collector\Exceptions\NotConnectedException.java
C:\Users\benbouchtam\Desktop\Nocibee\src\main\java\com\Pictime\TicketManager\Exceptions\NotConnectedException.java
C:\Users\benbouchtam\Desktop\Nocibee\src\main\java\com\Pictime\TicketManager\web\controller\TicketController.java
C:\Users\benbouchtam\Desktop\Nocibee\src\main\java\com\Pictime\TicketManager\web\controller\PageController.java
C:\Users\benbouchtam\Desktop\Nocibee\src\main\java\com\Pictime\TicketManager\Collector\Object\Sound.java
C:\Users\benbouchtam\Desktop\Nocibee\src\main\java\com\Pictime\TicketManager\Repo\TicketRepository.java
C:\Users\benbouchtam\Desktop\Nocibee\src\main\java\com\Pictime\TicketManager\Collector\TicketService2.java
C:\Users\benbouchtam\Desktop\Nocibee\src\main\java\com\Pictime\TicketManager\Collector\TicketService.java
C:\Users\benbouchtam\Desktop\Nocibee\src\main\java\com\Pictime\TicketManager\Collector\Object\SSLFix.java
C:\Users\benbouchtam\Desktop\Nocibee\src\main\java\com\Pictime\TicketManager\Collector\tools\ImportingController.java
C:\Users\benbouchtam\Desktop\Nocibee\src\main\java\com\Pictime\TicketManager\Collector\tools\ConfFile.java
C:\Users\benbouchtam\Desktop\Nocibee\src\main\java\com\Pictime\TicketManager\dao\StatsDao.java
C:\Users\benbouchtam\Desktop\Nocibee\src\main\java\com\Pictime\TicketManager\dao\TicketRepo.java
C:\Users\benbouchtam\Desktop\Nocibee\src\main\java\com\Pictime\TicketManager\model\Ticket2.java
C:\Users\benbouchtam\Desktop\Nocibee\src\main\java\com\Pictime\TicketManager\Collector\Exceptions\PropertiesNotSpecified.java
C:\Users\benbouchtam\Desktop\Nocibee\src\main\java\com\Pictime\TicketManager\Collector\HomeControler.java
C:\Users\benbouchtam\Desktop\Nocibee\src\main\java\com\Pictime\TicketManager\Collector\Object\SurveyAnswerStatistics.java
